digraph {
overlap=scale;
"Homer" [label="Homer"];
"Marge" [label="Marge"];
"Lisa" [label="Lisa"];
"Bart" [label="Bart"];

"Homer" -> "Bart";
"Homer" -> "Lisa";
"Marge" -> "Bart";
"Marge" -> "Lisa";
"Lisa" -> "Bart";
}
