   509.20	  509.20	  1
   389.92	 -119.28	  2
    84.43	 -305.49	  3
    14.05	  -70.38	  4
    14.06	    0.01	  5
   502.73	  488.67	  6
