743.506 57
740.426 58
737.359 59
734.304 60
17.8758 955
17.8017 956
17.728 957
17.6545 958
