1
1
2
6
24
120
3628800
2432902008176640000
30414093201713378043612608166064768844377641568960512000000000000
