red	green
red	blue
red	yellow
green	blue
green	yellow
blue	yellow
