20
60
120
1
10
90
720
5040
30240
151200
604800
1814400
3628800
