      7 david
      5 bob
      4 alice
      2 elaine
      2 cindy
