1969-12-31 19:00:00
1969-12-31 19:00:01
2016-04-05 22:02:40
1961-01-01 00:00:00
2038-01-18 22:14:07
