7
50
7.07106781186547524400
2
1.41421356237309504880
4 a
5 b
5 c
0 d
0 e
2 a
3 b
5 c
0 d
0 e
-2 a
-3 b
-5 c
0 d
0 e
0 a
0 b
0 c
0 d
